GPU: NVIDIA GeForce RTX 3090 | dtype: bfloat16
implementation              rows   hidden    block   warps    median ms
pytorch_rmsnorm              128      256 framework framework     0.093773
pytorch_residual_norm        128      256 framework framework     0.099456
triton_rmsnorm               128      256      256       2     0.029619
triton_fused_residual        128      256      256       2     0.032563
triton_rmsnorm               128      256      256       4     0.014771
triton_fused_residual        128      256      256       4     0.015872
triton_rmsnorm               128      256      256       8     0.020683
triton_fused_residual        128      256      256       8     0.016026
triton_rmsnorm               128      256      512       2     0.017459
triton_fused_residual        128      256      512       2     0.018637
triton_rmsnorm               128      256      512       4     0.014592
triton_fused_residual        128      256      512       4     0.016000
triton_rmsnorm               128      256      512       8     0.014643
triton_fused_residual        128      256      512       8     0.015770
pytorch_rmsnorm              128     1024 framework framework     0.095772
pytorch_residual_norm        128     1024 framework framework     0.112026
triton_rmsnorm               128     1024     1024       2     0.017205
triton_fused_residual        128     1024     1024       2     0.015974
triton_rmsnorm               128     1024     1024       4     0.014594
triton_fused_residual        128     1024     1024       4     0.018893
triton_rmsnorm               128     1024     1024       8     0.014797
triton_fused_residual        128     1024     1024       8     0.019712
triton_rmsnorm               128     1024     2048       2     0.014848
triton_fused_residual        128     1024     2048       2     0.019661
triton_rmsnorm               128     1024     2048       4     0.014620
triton_fused_residual        128     1024     2048       4     0.016000
triton_rmsnorm               128     1024     2048       8     0.029235
triton_fused_residual        128     1024     2048       8     0.016102
pytorch_rmsnorm              128     4096 framework framework     0.099123
pytorch_residual_norm        128     4096 framework framework     0.116480
triton_rmsnorm               128     4096     4096       2     0.028594
triton_fused_residual        128     4096     4096       2     0.015821
triton_rmsnorm               128     4096     4096       4     0.014566
triton_fused_residual        128     4096     4096       4     0.016128
triton_rmsnorm               128     4096     4096       8     0.014490
triton_fused_residual        128     4096     4096       8     0.015514
triton_rmsnorm               128     4096     8192       2     0.014950
triton_fused_residual        128     4096     8192       2     0.023962
triton_rmsnorm               128     4096     8192       4     0.014720
triton_fused_residual        128     4096     8192       4     0.019558
triton_rmsnorm               128     4096     8192       8     0.017715
triton_fused_residual        128     4096     8192       8     0.016026
